   0: -38623.995  -3.892  -4.905    1    1 -38632.792   1.000   0.200   1.000   1.000 
   1: -19529.449 -116.931 -291.986   17   11 -19938.367   1.000   0.200   1.000   1.000 
   2: -14742.799 -116.063 -315.781   23   12 -15174.643   1.000   0.200   1.000   1.000 
   3: -14149.504 -111.697 -328.085   22   13 -14589.285   1.000   0.200   1.000   1.000 
